../Application/User/Core/GFX_BW.c:29:6:GFX_SetFont	16	static
../Application/User/Core/GFX_BW.c:34:6:GFX_SetFontSize	16	static
../Application/User/Core/GFX_BW.c:40:9:GFX_GetFontHeight	4	static
../Application/User/Core/GFX_BW.c:45:9:GFX_GetFontWidth	4	static
../Application/User/Core/GFX_BW.c:50:9:GFX_GetFontSize	4	static
../Application/User/Core/GFX_BW.c:55:6:GFX_DrawChar	48	static
../Application/User/Core/GFX_BW.c:83:6:GFX_DrawString	40	static
../Application/User/Core/GFX_BW.c:104:6:GFX_WriteLine	56	static
../Application/User/Core/GFX_BW.c:145:6:GFX_DrawFastVLine	32	static
../Application/User/Core/GFX_BW.c:150:6:GFX_DrawFastHLine	32	static
../Application/User/Core/GFX_BW.c:155:6:GFX_DrawLine	40	static
../Application/User/Core/GFX_BW.c:170:6:GFX_DrawRectangle	24	static
../Application/User/Core/GFX_BW.c:181:6:GFX_DrawFillRectangle	32	static
../Application/User/Core/GFX_BW.c:190:6:GFX_DrawCircle	40	static
../Application/User/Core/GFX_BW.c:226:6:GFX_DrawCircleHelper	40	static
../Application/User/Core/GFX_BW.c:263:6:GFX_DrawFillCircleHelper	40	static
../Application/User/Core/GFX_BW.c:294:6:GFX_DrawFillCircle	32	static
../Application/User/Core/GFX_BW.c:302:6:GFX_DrawRoundRectangle	32	static
../Application/User/Core/GFX_BW.c:316:6:GFX_DrawFillRoundRectangle	40	static
../Application/User/Core/GFX_BW.c:328:6:GFX_DrawTriangle	32	static
../Application/User/Core/GFX_BW.c:336:6:GFX_DrawFillTriangle	88	static
../Application/User/Core/GFX_BW.c:430:6:GFX_Image	32	static
