../../Drivers/STM32WBxx_HAL_Driver/Inc/stm32wbxx_ll_rcc.h:1679:22:LL_RCC_LSE_SetDriveCapability	16	static
../../Drivers/STM32WBxx_HAL_Driver/Inc/stm32wbxx_ll_bus.h:364:22:LL_AHB1_GRP1_EnableClock	24	static
../../Drivers/STM32WBxx_HAL_Driver/Inc/stm32wbxx_ll_bus.h:539:22:LL_AHB2_GRP1_EnableClock	24	static
C:/Users/dawi2/STM32CubeIDE/workspace_1.19.0/BLE_p2pServer/Core/Src/main.c:112:5:main	96	static
C:/Users/dawi2/STM32CubeIDE/workspace_1.19.0/BLE_p2pServer/Core/Src/main.c:216:6:SystemClock_Config	112	static
C:/Users/dawi2/STM32CubeIDE/workspace_1.19.0/BLE_p2pServer/Core/Src/main.c:268:6:PeriphCommonClock_Config	88	static
C:/Users/dawi2/STM32CubeIDE/workspace_1.19.0/BLE_p2pServer/Core/Src/main.c:293:13:MX_I2C1_Init	8	static
C:/Users/dawi2/STM32CubeIDE/workspace_1.19.0/BLE_p2pServer/Core/Src/main.c:341:13:MX_IPCC_Init	8	static
C:/Users/dawi2/STM32CubeIDE/workspace_1.19.0/BLE_p2pServer/Core/Src/main.c:367:6:MX_LPUART1_UART_Init	8	static
C:/Users/dawi2/STM32CubeIDE/workspace_1.19.0/BLE_p2pServer/Core/Src/main.c:415:6:MX_USART1_UART_Init	8	static
C:/Users/dawi2/STM32CubeIDE/workspace_1.19.0/BLE_p2pServer/Core/Src/main.c:463:13:MX_RF_Init	4	static
C:/Users/dawi2/STM32CubeIDE/workspace_1.19.0/BLE_p2pServer/Core/Src/main.c:484:13:MX_RNG_Init	8	static
C:/Users/dawi2/STM32CubeIDE/workspace_1.19.0/BLE_p2pServer/Core/Src/main.c:511:13:MX_RTC_Init	8	static
C:/Users/dawi2/STM32CubeIDE/workspace_1.19.0/BLE_p2pServer/Core/Src/main.c:552:13:MX_DMA_Init	8	static
C:/Users/dawi2/STM32CubeIDE/workspace_1.19.0/BLE_p2pServer/Core/Src/main.c:578:13:MX_GPIO_Init	32	static
C:/Users/dawi2/STM32CubeIDE/workspace_1.19.0/BLE_p2pServer/Core/Src/main.c:611:6:Error_Handler	4	static
