../Application/User/Core/OLED_SSD1306.c:24:6:SSD1306_Command	32	static
../Application/User/Core/OLED_SSD1306.c:43:6:SSD1306_Data	32	static
../Application/User/Core/OLED_SSD1306.c:74:6:SSD1306_InvertColors	16	static
../Application/User/Core/OLED_SSD1306.c:79:6:SSD1306_RotateDisplay	16	static
../Application/User/Core/OLED_SSD1306.c:92:6:SSD1306_DisplayON	16	static
../Application/User/Core/OLED_SSD1306.c:97:6:SSD1306_SetContrast	16	static
../Application/User/Core/OLED_SSD1306.c:107:6:SSD1306_StartScrollRight	16	static
../Application/User/Core/OLED_SSD1306.c:117:6:SSD1306_StartScrollLeft	16	static
../Application/User/Core/OLED_SSD1306.c:127:6:SSD1306_ScrollingHorVer	24	static
../Application/User/Core/OLED_SSD1306.c:139:6:SSD1306_StartScrollLeftUp	32	static
../Application/User/Core/OLED_SSD1306.c:144:6:SSD1306_StartScrollRightUp	32	static
../Application/User/Core/OLED_SSD1306.c:149:6:SSD1306_StopScroll	8	static
../Application/User/Core/OLED_SSD1306.c:159:6:SSD1306_StartFadeOut	16	static
../Application/User/Core/OLED_SSD1306.c:165:6:SSD1306_StartBlinking	16	static
../Application/User/Core/OLED_SSD1306.c:171:6:SSD1306_StopFadeOutOrBlinking	8	static
../Application/User/Core/OLED_SSD1306.c:177:6:SSD1306_ZoomIn	16	static
../Application/User/Core/OLED_SSD1306.c:187:6:SSD1306_Init	8	static
../Application/User/Core/OLED_SSD1306.c:240:6:SSD1306_I2cInit	16	static
../Application/User/Core/OLED_SSD1306.c:263:6:SSD1306_DrawPixel	16	static
../Application/User/Core/OLED_SSD1306.c:279:6:SSD1306_Clear	16	static
../Application/User/Core/OLED_SSD1306.c:295:6:SSD1306_Display	24	static
../Application/User/Core/OLED_SSD1306.c:336:6:SSD1306_Bitmap	32	static
